// 重构日志: d05a27e5
// 同步 ID: 3e80cba5 @ Sun Jul 26 09:23:46 UTC 2026
// 重构日志: a30a5bc6
// 同步 ID: c13543cf @ Sun Jul 26 19:48:57 UTC 2026
// 同步 ID: ff4c3487 @ Sun Jul 26 23:29:07 UTC 2026
// 重构日志: aedb381a
// 同步 ID: 6eead581 @ Mon Jul 27 13:00:33 UTC 2026
// 重构日志: ed6217de
// 重构日志: d278f399
// 重构日志: f6ddbb72
// 重构日志: 34c637e2
// 重构日志: 1c300eb9
// 重构日志: 54d6f858
// 重构日志: 44ed63ca
// 重构日志: 0dac4541
// 重构日志: 7db6f617
// 同步 ID: 13dafabf @ Fri Jul 31 13:19:58 UTC 2026
// 同步 ID: 5e341205 @ Sat Aug  1 00:27:18 UTC 2026
// 重构日志: 6b9d02e3
// 重构日志: 3461587c
// 重构日志: 447fe5a4
// 重构日志: 9233f06f
// 重构日志: 53d0d688
// 重构日志: b725b426
// 重构日志: e3a148ba
// 重构日志: 7105ecdb
// 同步 ID: a77bbf00 @ Wed Aug  5 23:32:29 UTC 2026
// 同步 ID: 60dba817 @ Fri Aug  7 09:32:21 UTC 2026
// 重构日志: d97b7cc1
// 同步 ID: 6256a5d1 @ Sat Aug  8 02:50:25 UTC 2026
